[www.tallahassee.com/story/news/politics/2023/08/04/desantis-calls-trumps-stolen-election-claims-unsubstantiated/70532030007/index.html]
[backblue.gif]
[fade.gif]
[index.html]
[www.tallahassee.com/tangstatic/js/pbjsandwich-q1a2z352988631.min.js]
[c.amazon-adsystem.com/aax2/apstag.js]
[static.adsafeprotected.com/iasPET.1.js]
[securepubads.g.doubleclick.net/tag/js/f.txt]
[www.tallahassee.com/tangstatic/js/main-q1a2z327155f81.min.js]
[cdn.taboola.com/libtrc/gannett-network/loader.js]
[www.tallahassee.com/gcdn/gannett-web/apps/teal/dist/tangent-bundle-46e737e1.min.js]
[www.tallahassee.com/gcdn/gannett-web/apps/teal/dist/vendor/hls/hls.1.2.8.min.js]
[www.tallahassee.com/gcdn/gannett-web/apps/teal/dist/vendor/comscore/streamsense-5.1.1.160316.min.js]
[www.tallahassee.com/gcdn/gannett-web/apps/teal/dist/vendor/ias/ias-3.5.1.min.js]
[s0.2mdn.net/instream/video/client.js]
[imasdk.googleapis.com/js/sdkloader/ima3.js]
[cdn.confiant-integrations.net/r5TdgVvkbv-PeaJCKaQfCh5Xsto/gpt_and_prebid/config.js]
[www.tallahassee.com/gcdn/authoring/authoring-images/2023/07/27/PDEM/70481565007-ap-232087013432118399.jpg]
[www.tallahassee.com/gcdn/presto/2020/07/27/PARN/337cbbe7-cf7e-4c57-a7f3-26f080edc016-AndersonZacf029.jpg]
[www.tallahassee.com/gcdn/presto/2023/08/03/USAT/d1299480-b259-450b-b4aa-d4d42757958b-20230627_PROB_TechTips_BetterVideo4cce.jpg]
[www.tallahassee.com/gcdn/authoring/authoring-images/2023/07/27/PDEM/70481565007-ap-23208701343211493a.jpg]
[static.adsafeprotected.com/iasADX.js]
[www.tallahassee.com/xrpvr/shopper.flipp.com/tag/js/flipptag.js]
[www.tallahassee.com/story/news/politics/2023/08/04/desantis-calls-trumps-stolen-election-claims-unsubstantiated/70532030007/index.html]
[www.tallahassee.com/story/news/politics/2023/08/04/desantis-calls-trumps-stolen-election-claims-unsubstantiated/70532030007/m.href/index.html]
[www.tallahassee.com/story/news/politics/2023/08/04/desantis-calls-trumps-stolen-election-claims-unsubstantiated/70532030007/pubads_impl.js/index.html]
[www.tallahassee.com/story/news/politics/2023/08/04/desantis-calls-trumps-stolen-election-claims-unsubstantiated/70532030007/shared-id/pubcid.js/index.html]
[www.tallahassee.com/story/news/politics/2023/08/04/desantis-calls-trumps-stolen-election-claims-unsubstantiated/70532030007/uid2SecureSignal.js/index.html]
[www.tallahassee.com/story/news/politics/2023/08/04/desantis-calls-trumps-stolen-election-claims-unsubstantiated/70532030007/openxcdn.net/esp.js/index.html]
[www.tallahassee.com/story/news/politics/2023/08/04/desantis-calls-trumps-stolen-election-claims-unsubstantiated/70532030007/q.destUrl/index.html]
[www.tallahassee.com/tangstatic/js/perf-q1a2z33e4d46de.min.js]
